[2019-06-02T20:19:39.979-0300][gc,heap] Heap region size: 1M
[2019-06-02T20:19:39.985-0300][gc     ] Using G1
[2019-06-02T20:19:39.985-0300][gc,heap,coops] Heap address: 0x00000000c0000000, size: 1024 MB, Compressed Oops mode: 32-bit
[2019-06-02T20:19:40.927-0300][gc,start     ] GC(0) Pause Young (Concurrent Start) (GCLocker Initiated GC)
[2019-06-02T20:19:40.927-0300][gc,task      ] GC(0) Using 4 workers of 4 for evacuation
[2019-06-02T20:19:40.936-0300][gc,phases    ] GC(0)   Pre Evacuate Collection Set: 0,0ms
[2019-06-02T20:19:40.936-0300][gc,phases    ] GC(0)   Evacuate Collection Set: 8,7ms
[2019-06-02T20:19:40.936-0300][gc,phases    ] GC(0)   Post Evacuate Collection Set: 0,4ms
[2019-06-02T20:19:40.936-0300][gc,phases    ] GC(0)   Other: 0,4ms
[2019-06-02T20:19:40.936-0300][gc,heap      ] GC(0) Eden regions: 37->0(45)
[2019-06-02T20:19:40.936-0300][gc,heap      ] GC(0) Survivor regions: 0->6(7)
[2019-06-02T20:19:40.936-0300][gc,heap      ] GC(0) Old regions: 0->0
[2019-06-02T20:19:40.936-0300][gc,heap      ] GC(0) Humongous regions: 0->0
[2019-06-02T20:19:40.936-0300][gc,metaspace ] GC(0) Metaspace: 20782K->20782K(1069056K)
[2019-06-02T20:19:40.936-0300][gc           ] GC(0) Pause Young (Concurrent Start) (GCLocker Initiated GC) 37M->5M(1024M) 9,487ms
[2019-06-02T20:19:40.936-0300][gc,cpu       ] GC(0) User=0,03s Sys=0,00s Real=0,01s
[2019-06-02T20:19:40.936-0300][gc           ] GC(1) Concurrent Cycle
[2019-06-02T20:19:40.936-0300][gc,marking   ] GC(1) Concurrent Clear Claimed Marks
[2019-06-02T20:19:40.936-0300][gc,marking   ] GC(1) Concurrent Clear Claimed Marks 0,024ms
[2019-06-02T20:19:40.936-0300][gc,marking   ] GC(1) Concurrent Scan Root Regions
[2019-06-02T20:19:40.939-0300][gc,marking   ] GC(1) Concurrent Scan Root Regions 2,162ms
[2019-06-02T20:19:40.939-0300][gc,marking   ] GC(1) Concurrent Mark (0,961s)
[2019-06-02T20:19:40.939-0300][gc,marking   ] GC(1) Concurrent Mark From Roots
[2019-06-02T20:19:40.939-0300][gc,task      ] GC(1) Using 1 workers of 1 for marking
[2019-06-02T20:19:40.939-0300][gc,marking   ] GC(1) Concurrent Mark From Roots 0,310ms
[2019-06-02T20:19:40.939-0300][gc,marking   ] GC(1) Concurrent Preclean
[2019-06-02T20:19:40.939-0300][gc,marking   ] GC(1) Concurrent Preclean 0,024ms
[2019-06-02T20:19:40.939-0300][gc,marking   ] GC(1) Concurrent Mark (0,961s, 0,962s) 0,355ms
[2019-06-02T20:19:40.939-0300][gc,start     ] GC(1) Pause Remark
[2019-06-02T20:19:40.941-0300][gc,stringtable] GC(1) Cleaned string and symbol table, strings: 7409 processed, 0 removed, symbols: 63881 processed, 43 removed
[2019-06-02T20:19:40.941-0300][gc            ] GC(1) Pause Remark 6M->6M(1024M) 1,591ms
[2019-06-02T20:19:40.941-0300][gc,cpu        ] GC(1) User=0,00s Sys=0,00s Real=0,01s
[2019-06-02T20:19:40.941-0300][gc,marking    ] GC(1) Concurrent Rebuild Remembered Sets
[2019-06-02T20:19:40.941-0300][gc,marking    ] GC(1) Concurrent Rebuild Remembered Sets 0,075ms
[2019-06-02T20:19:40.941-0300][gc,start      ] GC(1) Pause Cleanup
[2019-06-02T20:19:40.941-0300][gc            ] GC(1) Pause Cleanup 6M->6M(1024M) 0,150ms
[2019-06-02T20:19:40.941-0300][gc,cpu        ] GC(1) User=0,00s Sys=0,00s Real=0,00s
[2019-06-02T20:19:40.941-0300][gc,marking    ] GC(1) Concurrent Cleanup for Next Mark
[2019-06-02T20:19:40.944-0300][gc,marking    ] GC(1) Concurrent Cleanup for Next Mark 2,643ms
[2019-06-02T20:19:40.944-0300][gc            ] GC(1) Concurrent Cycle 7,597ms
[2019-06-02T20:19:41.670-0300][gc,start      ] GC(2) Pause Young (Normal) (G1 Evacuation Pause)
[2019-06-02T20:19:41.670-0300][gc,task       ] GC(2) Using 4 workers of 4 for evacuation
[2019-06-02T20:19:41.681-0300][gc,phases     ] GC(2)   Pre Evacuate Collection Set: 0,0ms
[2019-06-02T20:19:41.681-0300][gc,phases     ] GC(2)   Evacuate Collection Set: 10,3ms
[2019-06-02T20:19:41.681-0300][gc,phases     ] GC(2)   Post Evacuate Collection Set: 0,5ms
[2019-06-02T20:19:41.681-0300][gc,phases     ] GC(2)   Other: 0,1ms
[2019-06-02T20:19:41.681-0300][gc,heap       ] GC(2) Eden regions: 45->0(47)
[2019-06-02T20:19:41.681-0300][gc,heap       ] GC(2) Survivor regions: 6->4(7)
[2019-06-02T20:19:41.681-0300][gc,heap       ] GC(2) Old regions: 0->6
[2019-06-02T20:19:41.681-0300][gc,heap       ] GC(2) Humongous regions: 129->129
[2019-06-02T20:19:41.681-0300][gc,metaspace  ] GC(2) Metaspace: 30589K->30589K(1077248K)
[2019-06-02T20:19:41.681-0300][gc            ] GC(2) Pause Young (Normal) (G1 Evacuation Pause) 179M->138M(1024M) 10,930ms
[2019-06-02T20:19:41.681-0300][gc,cpu        ] GC(2) User=0,02s Sys=0,01s Real=0,01s
[2019-06-02T20:19:41.935-0300][gc,start      ] GC(3) Pause Young (Concurrent Start) (Metadata GC Threshold)
[2019-06-02T20:19:41.936-0300][gc,task       ] GC(3) Using 4 workers of 4 for evacuation
[2019-06-02T20:19:41.942-0300][gc,phases     ] GC(3)   Pre Evacuate Collection Set: 0,1ms
[2019-06-02T20:19:41.942-0300][gc,phases     ] GC(3)   Evacuate Collection Set: 6,3ms
[2019-06-02T20:19:41.942-0300][gc,phases     ] GC(3)   Post Evacuate Collection Set: 0,3ms
[2019-06-02T20:19:41.942-0300][gc,phases     ] GC(3)   Other: 0,2ms
[2019-06-02T20:19:41.942-0300][gc,heap       ] GC(3) Eden regions: 19->0(46)
[2019-06-02T20:19:41.942-0300][gc,heap       ] GC(3) Survivor regions: 4->5(7)
[2019-06-02T20:19:41.942-0300][gc,heap       ] GC(3) Old regions: 6->6
[2019-06-02T20:19:41.942-0300][gc,heap       ] GC(3) Humongous regions: 129->129
[2019-06-02T20:19:41.942-0300][gc,metaspace  ] GC(3) Metaspace: 34660K->34660K(1081344K)
[2019-06-02T20:19:41.942-0300][gc            ] GC(3) Pause Young (Concurrent Start) (Metadata GC Threshold) 157M->139M(1024M) 6,909ms
[2019-06-02T20:19:41.942-0300][gc,cpu        ] GC(3) User=0,02s Sys=0,00s Real=0,01s
[2019-06-02T20:19:41.942-0300][gc            ] GC(4) Concurrent Cycle
[2019-06-02T20:19:41.942-0300][gc,marking    ] GC(4) Concurrent Clear Claimed Marks
[2019-06-02T20:19:41.943-0300][gc,marking    ] GC(4) Concurrent Clear Claimed Marks 0,059ms
[2019-06-02T20:19:41.943-0300][gc,marking    ] GC(4) Concurrent Scan Root Regions
[2019-06-02T20:19:41.946-0300][gc,marking    ] GC(4) Concurrent Scan Root Regions 3,338ms
[2019-06-02T20:19:41.946-0300][gc,marking    ] GC(4) Concurrent Mark (1,969s)
[2019-06-02T20:19:41.946-0300][gc,marking    ] GC(4) Concurrent Mark From Roots
[2019-06-02T20:19:41.946-0300][gc,task       ] GC(4) Using 1 workers of 1 for marking
[2019-06-02T20:19:41.956-0300][gc,marking    ] GC(4) Concurrent Mark From Roots 9,802ms
[2019-06-02T20:19:41.956-0300][gc,marking    ] GC(4) Concurrent Preclean
[2019-06-02T20:19:41.956-0300][gc,marking    ] GC(4) Concurrent Preclean 0,073ms
[2019-06-02T20:19:41.956-0300][gc,marking    ] GC(4) Concurrent Mark (1,969s, 1,978s) 9,917ms
[2019-06-02T20:19:41.956-0300][gc,start      ] GC(4) Pause Remark
[2019-06-02T20:19:41.960-0300][gc,stringtable] GC(4) Cleaned string and symbol table, strings: 13238 processed, 7 removed, symbols: 101031 processed, 27 removed
[2019-06-02T20:19:41.960-0300][gc            ] GC(4) Pause Remark 140M->140M(1024M) 4,257ms
[2019-06-02T20:19:41.960-0300][gc,cpu        ] GC(4) User=0,02s Sys=0,00s Real=0,00s
[2019-06-02T20:19:41.960-0300][gc,marking    ] GC(4) Concurrent Rebuild Remembered Sets
[2019-06-02T20:19:41.967-0300][gc,marking    ] GC(4) Concurrent Rebuild Remembered Sets 7,076ms
[2019-06-02T20:19:41.971-0300][gc,start      ] GC(4) Pause Cleanup
[2019-06-02T20:19:41.971-0300][gc            ] GC(4) Pause Cleanup 141M->141M(1024M) 0,234ms
[2019-06-02T20:19:41.971-0300][gc,cpu        ] GC(4) User=0,00s Sys=0,00s Real=0,00s
[2019-06-02T20:19:41.971-0300][gc,marking    ] GC(4) Concurrent Cleanup for Next Mark
[2019-06-02T20:19:41.975-0300][gc,marking    ] GC(4) Concurrent Cleanup for Next Mark 3,615ms
[2019-06-02T20:19:41.975-0300][gc            ] GC(4) Concurrent Cycle 32,270ms
[2019-06-02T20:46:43.994-0300][gc,start      ] GC(5) Pause Young (Normal) (G1 Evacuation Pause)
[2019-06-02T20:46:43.994-0300][gc,task       ] GC(5) Using 4 workers of 4 for evacuation
[2019-06-02T20:46:44.002-0300][gc,phases     ] GC(5)   Pre Evacuate Collection Set: 0,0ms
[2019-06-02T20:46:44.002-0300][gc,phases     ] GC(5)   Evacuate Collection Set: 7,9ms
[2019-06-02T20:46:44.002-0300][gc,phases     ] GC(5)   Post Evacuate Collection Set: 0,6ms
[2019-06-02T20:46:44.002-0300][gc,phases     ] GC(5)   Other: 0,2ms
[2019-06-02T20:46:44.002-0300][gc,heap       ] GC(5) Eden regions: 46->0(47)
[2019-06-02T20:46:44.002-0300][gc,heap       ] GC(5) Survivor regions: 5->4(7)
[2019-06-02T20:46:44.002-0300][gc,heap       ] GC(5) Old regions: 6->10
[2019-06-02T20:46:44.002-0300][gc,heap       ] GC(5) Humongous regions: 129->129
[2019-06-02T20:46:44.002-0300][gc,metaspace  ] GC(5) Metaspace: 39650K->39650K(1085440K)
[2019-06-02T20:46:44.002-0300][gc            ] GC(5) Pause Young (Normal) (G1 Evacuation Pause) 185M->141M(1024M) 8,784ms
[2019-06-02T20:46:44.002-0300][gc,cpu        ] GC(5) User=0,03s Sys=0,00s Real=0,01s
[2019-06-02T20:54:23.731-0300][gc,start      ] GC(6) Pause Young (Normal) (G1 Evacuation Pause)
[2019-06-02T20:54:23.731-0300][gc,task       ] GC(6) Using 4 workers of 4 for evacuation
[2019-06-02T20:54:23.738-0300][gc,phases     ] GC(6)   Pre Evacuate Collection Set: 0,0ms
[2019-06-02T20:54:23.739-0300][gc,phases     ] GC(6)   Evacuate Collection Set: 6,6ms
[2019-06-02T20:54:23.739-0300][gc,phases     ] GC(6)   Post Evacuate Collection Set: 0,6ms
[2019-06-02T20:54:23.739-0300][gc,phases     ] GC(6)   Other: 0,2ms
[2019-06-02T20:54:23.739-0300][gc,heap       ] GC(6) Eden regions: 47->0(45)
[2019-06-02T20:54:23.739-0300][gc,heap       ] GC(6) Survivor regions: 4->6(7)
[2019-06-02T20:54:23.739-0300][gc,heap       ] GC(6) Old regions: 10->10
[2019-06-02T20:54:23.739-0300][gc,heap       ] GC(6) Humongous regions: 129->129
[2019-06-02T20:54:23.739-0300][gc,metaspace  ] GC(6) Metaspace: 42387K->42387K(1087488K)
[2019-06-02T20:54:23.739-0300][gc            ] GC(6) Pause Young (Normal) (G1 Evacuation Pause) 188M->143M(1024M) 7,468ms
[2019-06-02T20:54:23.739-0300][gc,cpu        ] GC(6) User=0,03s Sys=0,00s Real=0,00s
[2019-06-02T21:05:40.823-0300][gc,start      ] GC(7) Pause Young (Normal) (G1 Evacuation Pause)
[2019-06-02T21:05:40.823-0300][gc,task       ] GC(7) Using 4 workers of 4 for evacuation
[2019-06-02T21:05:40.849-0300][gc,mmu        ] GC(7) MMU target violated: 21,0ms (20,0ms/21,0ms)
[2019-06-02T21:05:40.850-0300][gc,phases     ] GC(7)   Pre Evacuate Collection Set: 0,1ms
[2019-06-02T21:05:40.850-0300][gc,phases     ] GC(7)   Evacuate Collection Set: 25,1ms
[2019-06-02T21:05:40.850-0300][gc,phases     ] GC(7)   Post Evacuate Collection Set: 1,0ms
[2019-06-02T21:05:40.850-0300][gc,phases     ] GC(7)   Other: 0,6ms
[2019-06-02T21:05:40.850-0300][gc,heap       ] GC(7) Eden regions: 45->0(48)
[2019-06-02T21:05:40.850-0300][gc,heap       ] GC(7) Survivor regions: 6->3(7)
[2019-06-02T21:05:40.850-0300][gc,heap       ] GC(7) Old regions: 10->12
[2019-06-02T21:05:40.850-0300][gc,heap       ] GC(7) Humongous regions: 129->129
[2019-06-02T21:05:40.850-0300][gc,metaspace  ] GC(7) Metaspace: 42617K->42617K(1087488K)
[2019-06-02T21:05:40.850-0300][gc            ] GC(7) Pause Young (Normal) (G1 Evacuation Pause) 188M->143M(1024M) 26,834ms
[2019-06-02T21:05:40.850-0300][gc,cpu        ] GC(7) User=0,10s Sys=0,00s Real=0,03s
[2019-06-02T21:18:23.732-0300][gc,start      ] GC(8) Pause Young (Normal) (G1 Evacuation Pause)
[2019-06-02T21:18:23.732-0300][gc,task       ] GC(8) Using 4 workers of 4 for evacuation
[2019-06-02T21:18:23.751-0300][gc,phases     ] GC(8)   Pre Evacuate Collection Set: 0,0ms
[2019-06-02T21:18:23.751-0300][gc,phases     ] GC(8)   Evacuate Collection Set: 16,2ms
[2019-06-02T21:18:23.751-0300][gc,phases     ] GC(8)   Post Evacuate Collection Set: 2,7ms
[2019-06-02T21:18:23.751-0300][gc,phases     ] GC(8)   Other: 0,5ms
[2019-06-02T21:18:23.751-0300][gc,heap       ] GC(8) Eden regions: 48->0(47)
[2019-06-02T21:18:23.751-0300][gc,heap       ] GC(8) Survivor regions: 3->4(7)
[2019-06-02T21:18:23.751-0300][gc,heap       ] GC(8) Old regions: 12->12
[2019-06-02T21:18:23.751-0300][gc,heap       ] GC(8) Humongous regions: 129->129
[2019-06-02T21:18:23.751-0300][gc,metaspace  ] GC(8) Metaspace: 42705K->42705K(1087488K)
[2019-06-02T21:18:23.751-0300][gc            ] GC(8) Pause Young (Normal) (G1 Evacuation Pause) 191M->144M(1024M) 19,718ms
[2019-06-02T21:18:23.751-0300][gc,cpu        ] GC(8) User=0,06s Sys=0,00s Real=0,02s
[2019-06-02T21:30:32.478-0300][gc,start      ] GC(9) Pause Young (Normal) (G1 Evacuation Pause)
[2019-06-02T21:30:32.478-0300][gc,task       ] GC(9) Using 4 workers of 4 for evacuation
[2019-06-02T21:30:32.503-0300][gc,mmu        ] GC(9) MMU target violated: 21,0ms (20,0ms/21,0ms)
[2019-06-02T21:30:32.503-0300][gc,phases     ] GC(9)   Pre Evacuate Collection Set: 0,1ms
[2019-06-02T21:30:32.503-0300][gc,phases     ] GC(9)   Evacuate Collection Set: 22,1ms
[2019-06-02T21:30:32.503-0300][gc,phases     ] GC(9)   Post Evacuate Collection Set: 1,7ms
[2019-06-02T21:30:32.503-0300][gc,phases     ] GC(9)   Other: 0,7ms
[2019-06-02T21:30:32.503-0300][gc,heap       ] GC(9) Eden regions: 47->0(48)
[2019-06-02T21:30:32.503-0300][gc,heap       ] GC(9) Survivor regions: 4->3(7)
[2019-06-02T21:30:32.503-0300][gc,heap       ] GC(9) Old regions: 12->12
[2019-06-02T21:30:32.503-0300][gc,heap       ] GC(9) Humongous regions: 129->129
[2019-06-02T21:30:32.503-0300][gc,metaspace  ] GC(9) Metaspace: 42786K->42786K(1087488K)
[2019-06-02T21:30:32.503-0300][gc            ] GC(9) Pause Young (Normal) (G1 Evacuation Pause) 191M->143M(1024M) 24,779ms
[2019-06-02T21:30:32.503-0300][gc,cpu        ] GC(9) User=0,06s Sys=0,00s Real=0,03s
[2019-06-02T21:44:11.374-0300][gc,start      ] GC(10) Pause Young (Normal) (G1 Evacuation Pause)
[2019-06-02T21:44:11.374-0300][gc,task       ] GC(10) Using 4 workers of 4 for evacuation
[2019-06-02T21:44:11.397-0300][gc,mmu        ] GC(10) MMU target violated: 21,0ms (20,0ms/21,0ms)
[2019-06-02T21:44:11.397-0300][gc,phases     ] GC(10)   Pre Evacuate Collection Set: 0,1ms
[2019-06-02T21:44:11.397-0300][gc,phases     ] GC(10)   Evacuate Collection Set: 19,9ms
[2019-06-02T21:44:11.397-0300][gc,phases     ] GC(10)   Post Evacuate Collection Set: 2,5ms
[2019-06-02T21:44:11.397-0300][gc,phases     ] GC(10)   Other: 0,7ms
[2019-06-02T21:44:11.397-0300][gc,heap       ] GC(10) Eden regions: 48->0(47)
[2019-06-02T21:44:11.397-0300][gc,heap       ] GC(10) Survivor regions: 3->4(7)
[2019-06-02T21:44:11.397-0300][gc,heap       ] GC(10) Old regions: 12->12
[2019-06-02T21:44:11.397-0300][gc,heap       ] GC(10) Humongous regions: 129->129
[2019-06-02T21:44:11.397-0300][gc,metaspace  ] GC(10) Metaspace: 42806K->42806K(1087488K)
[2019-06-02T21:44:11.397-0300][gc            ] GC(10) Pause Young (Normal) (G1 Evacuation Pause) 191M->144M(1024M) 23,168ms
[2019-06-02T21:44:11.397-0300][gc,cpu        ] GC(10) User=0,05s Sys=0,00s Real=0,02s
[2019-06-02T21:57:30.061-0300][gc,start      ] GC(11) Pause Young (Normal) (G1 Evacuation Pause)
[2019-06-02T21:57:30.061-0300][gc,task       ] GC(11) Using 4 workers of 4 for evacuation
[2019-06-02T21:57:30.080-0300][gc,phases     ] GC(11)   Pre Evacuate Collection Set: 0,1ms
[2019-06-02T21:57:30.080-0300][gc,phases     ] GC(11)   Evacuate Collection Set: 17,4ms
[2019-06-02T21:57:30.080-0300][gc,phases     ] GC(11)   Post Evacuate Collection Set: 1,0ms
[2019-06-02T21:57:30.080-0300][gc,phases     ] GC(11)   Other: 0,6ms
[2019-06-02T21:57:30.080-0300][gc,heap       ] GC(11) Eden regions: 47->0(48)
[2019-06-02T21:57:30.080-0300][gc,heap       ] GC(11) Survivor regions: 4->3(7)
[2019-06-02T21:57:30.080-0300][gc,heap       ] GC(11) Old regions: 12->13
[2019-06-02T21:57:30.081-0300][gc,heap       ] GC(11) Humongous regions: 129->129
[2019-06-02T21:57:30.081-0300][gc,metaspace  ] GC(11) Metaspace: 42822K->42822K(1087488K)
[2019-06-02T21:57:30.081-0300][gc            ] GC(11) Pause Young (Normal) (G1 Evacuation Pause) 191M->144M(1024M) 19,404ms
[2019-06-02T21:57:30.081-0300][gc,cpu        ] GC(11) User=0,06s Sys=0,00s Real=0,02s
[2019-06-02T23:13:09.066-0300][gc,start      ] GC(12) Pause Young (Normal) (G1 Evacuation Pause)
[2019-06-02T23:13:09.066-0300][gc,task       ] GC(12) Using 4 workers of 4 for evacuation
[2019-06-02T23:13:09.083-0300][gc,phases     ] GC(12)   Pre Evacuate Collection Set: 0,1ms
[2019-06-02T23:13:09.083-0300][gc,phases     ] GC(12)   Evacuate Collection Set: 14,3ms
[2019-06-02T23:13:09.083-0300][gc,phases     ] GC(12)   Post Evacuate Collection Set: 1,4ms
[2019-06-02T23:13:09.083-0300][gc,phases     ] GC(12)   Other: 0,6ms
[2019-06-02T23:13:09.083-0300][gc,heap       ] GC(12) Eden regions: 48->0(48)
[2019-06-02T23:13:09.083-0300][gc,heap       ] GC(12) Survivor regions: 3->3(7)
[2019-06-02T23:13:09.083-0300][gc,heap       ] GC(12) Old regions: 13->13
[2019-06-02T23:13:09.083-0300][gc,heap       ] GC(12) Humongous regions: 129->129
[2019-06-02T23:13:09.083-0300][gc,metaspace  ] GC(12) Metaspace: 42844K->42844K(1087488K)
[2019-06-02T23:13:09.083-0300][gc            ] GC(12) Pause Young (Normal) (G1 Evacuation Pause) 192M->143M(1024M) 16,733ms
[2019-06-02T23:13:09.083-0300][gc,cpu        ] GC(12) User=0,04s Sys=0,00s Real=0,02s
[2019-06-02T23:25:57.075-0300][gc,start      ] GC(13) Pause Young (Normal) (G1 Evacuation Pause)
[2019-06-02T23:25:57.076-0300][gc,task       ] GC(13) Using 4 workers of 4 for evacuation
[2019-06-02T23:25:57.092-0300][gc,phases     ] GC(13)   Pre Evacuate Collection Set: 0,0ms
[2019-06-02T23:25:57.092-0300][gc,phases     ] GC(13)   Evacuate Collection Set: 15,6ms
[2019-06-02T23:25:57.092-0300][gc,phases     ] GC(13)   Post Evacuate Collection Set: 0,3ms
[2019-06-02T23:25:57.092-0300][gc,phases     ] GC(13)   Other: 0,1ms
[2019-06-02T23:25:57.092-0300][gc,heap       ] GC(13) Eden regions: 48->0(52)
[2019-06-02T23:25:57.092-0300][gc,heap       ] GC(13) Survivor regions: 3->3(7)
[2019-06-02T23:25:57.092-0300][gc,heap       ] GC(13) Old regions: 13->13
[2019-06-02T23:25:57.092-0300][gc,heap       ] GC(13) Humongous regions: 129->129
[2019-06-02T23:25:57.092-0300][gc,metaspace  ] GC(13) Metaspace: 42933K->42933K(1087488K)
[2019-06-02T23:25:57.092-0300][gc            ] GC(13) Pause Young (Normal) (G1 Evacuation Pause) 191M->144M(1024M) 16,153ms
[2019-06-02T23:25:57.092-0300][gc,cpu        ] GC(13) User=0,02s Sys=0,00s Real=0,02s
[2019-06-02T23:40:04.333-0300][gc,start      ] GC(14) Pause Young (Normal) (G1 Evacuation Pause)
[2019-06-02T23:40:04.333-0300][gc,task       ] GC(14) Using 4 workers of 4 for evacuation
[2019-06-02T23:40:04.351-0300][gc,phases     ] GC(14)   Pre Evacuate Collection Set: 0,1ms
[2019-06-02T23:40:04.351-0300][gc,phases     ] GC(14)   Evacuate Collection Set: 15,9ms
[2019-06-02T23:40:04.351-0300][gc,phases     ] GC(14)   Post Evacuate Collection Set: 1,0ms
[2019-06-02T23:40:04.351-0300][gc,phases     ] GC(14)   Other: 0,7ms
[2019-06-02T23:40:04.351-0300][gc,heap       ] GC(14) Eden regions: 52->0(51)
[2019-06-02T23:40:04.351-0300][gc,heap       ] GC(14) Survivor regions: 3->3(7)
[2019-06-02T23:40:04.351-0300][gc,heap       ] GC(14) Old regions: 13->13
[2019-06-02T23:40:04.351-0300][gc,heap       ] GC(14) Humongous regions: 129->129
[2019-06-02T23:40:04.351-0300][gc,metaspace  ] GC(14) Metaspace: 44501K->44501K(1089536K)
[2019-06-02T23:40:04.351-0300][gc            ] GC(14) Pause Young (Normal) (G1 Evacuation Pause) 196M->144M(1024M) 18,019ms
[2019-06-02T23:40:04.351-0300][gc,cpu        ] GC(14) User=0,06s Sys=0,00s Real=0,02s
[2019-06-02T23:55:01.145-0300][gc,start      ] GC(15) Pause Young (Normal) (G1 Evacuation Pause)
[2019-06-02T23:55:01.145-0300][gc,task       ] GC(15) Using 4 workers of 4 for evacuation
[2019-06-02T23:55:01.163-0300][gc,phases     ] GC(15)   Pre Evacuate Collection Set: 0,1ms
[2019-06-02T23:55:01.163-0300][gc,phases     ] GC(15)   Evacuate Collection Set: 15,6ms
[2019-06-02T23:55:01.163-0300][gc,phases     ] GC(15)   Post Evacuate Collection Set: 1,1ms
[2019-06-02T23:55:01.163-0300][gc,phases     ] GC(15)   Other: 0,5ms
[2019-06-02T23:55:01.163-0300][gc,heap       ] GC(15) Eden regions: 51->0(51)
[2019-06-02T23:55:01.163-0300][gc,heap       ] GC(15) Survivor regions: 3->3(7)
[2019-06-02T23:55:01.163-0300][gc,heap       ] GC(15) Old regions: 13->13
[2019-06-02T23:55:01.163-0300][gc,heap       ] GC(15) Humongous regions: 129->129
[2019-06-02T23:55:01.163-0300][gc,metaspace  ] GC(15) Metaspace: 44504K->44504K(1089536K)
[2019-06-02T23:55:01.163-0300][gc            ] GC(15) Pause Young (Normal) (G1 Evacuation Pause) 195M->144M(1024M) 17,552ms
[2019-06-02T23:55:01.163-0300][gc,cpu        ] GC(15) User=0,05s Sys=0,01s Real=0,02s
[2019-06-03T00:10:07.711-0300][gc,start      ] GC(16) Pause Young (Normal) (G1 Evacuation Pause)
[2019-06-03T00:10:07.711-0300][gc,task       ] GC(16) Using 4 workers of 4 for evacuation
[2019-06-03T00:10:07.738-0300][gc,mmu        ] GC(16) MMU target violated: 21,0ms (20,0ms/21,0ms)
[2019-06-03T00:10:07.738-0300][gc,phases     ] GC(16)   Pre Evacuate Collection Set: 0,1ms
[2019-06-03T00:10:07.738-0300][gc,phases     ] GC(16)   Evacuate Collection Set: 22,8ms
[2019-06-03T00:10:07.738-0300][gc,phases     ] GC(16)   Post Evacuate Collection Set: 3,4ms
[2019-06-03T00:10:07.738-0300][gc,phases     ] GC(16)   Other: 0,7ms
[2019-06-03T00:10:07.738-0300][gc,heap       ] GC(16) Eden regions: 51->0(50)
[2019-06-03T00:10:07.738-0300][gc,heap       ] GC(16) Survivor regions: 3->3(7)
[2019-06-03T00:10:07.738-0300][gc,heap       ] GC(16) Old regions: 13->13
[2019-06-03T00:10:07.738-0300][gc,heap       ] GC(16) Humongous regions: 129->129
[2019-06-03T00:10:07.738-0300][gc,metaspace  ] GC(16) Metaspace: 44653K->44653K(1089536K)
[2019-06-03T00:10:07.738-0300][gc            ] GC(16) Pause Young (Normal) (G1 Evacuation Pause) 195M->144M(1024M) 27,139ms
[2019-06-03T00:10:07.738-0300][gc,cpu        ] GC(16) User=0,06s Sys=0,00s Real=0,03s
