[2019-06-02T23:25:55.297-0300][gc,heap] Heap region size: 1M
[2019-06-02T23:25:55.302-0300][gc     ] Using G1
[2019-06-02T23:25:55.302-0300][gc,heap,coops] Heap address: 0x00000000c0000000, size: 1024 MB, Compressed Oops mode: 32-bit
[2019-06-02T23:25:56.245-0300][gc,start     ] GC(0) Pause Young (Concurrent Start) (Metadata GC Threshold)
[2019-06-02T23:25:56.245-0300][gc,task      ] GC(0) Using 4 workers of 4 for evacuation
[2019-06-02T23:25:56.253-0300][gc,phases    ] GC(0)   Pre Evacuate Collection Set: 0,0ms
[2019-06-02T23:25:56.253-0300][gc,phases    ] GC(0)   Evacuate Collection Set: 7,5ms
[2019-06-02T23:25:56.253-0300][gc,phases    ] GC(0)   Post Evacuate Collection Set: 0,5ms
[2019-06-02T23:25:56.253-0300][gc,phases    ] GC(0)   Other: 0,3ms
[2019-06-02T23:25:56.253-0300][gc,heap      ] GC(0) Eden regions: 38->0(44)
[2019-06-02T23:25:56.253-0300][gc,heap      ] GC(0) Survivor regions: 0->7(7)
[2019-06-02T23:25:56.253-0300][gc,heap      ] GC(0) Old regions: 0->0
[2019-06-02T23:25:56.253-0300][gc,heap      ] GC(0) Humongous regions: 0->0
[2019-06-02T23:25:56.253-0300][gc,metaspace ] GC(0) Metaspace: 20821K->20821K(1069056K)
[2019-06-02T23:25:56.253-0300][gc           ] GC(0) Pause Young (Concurrent Start) (Metadata GC Threshold) 37M->6M(1024M) 8,378ms
[2019-06-02T23:25:56.253-0300][gc,cpu       ] GC(0) User=0,02s Sys=0,00s Real=0,01s
[2019-06-02T23:25:56.253-0300][gc           ] GC(1) Concurrent Cycle
[2019-06-02T23:25:56.254-0300][gc,marking   ] GC(1) Concurrent Clear Claimed Marks
[2019-06-02T23:25:56.254-0300][gc,marking   ] GC(1) Concurrent Clear Claimed Marks 0,033ms
[2019-06-02T23:25:56.254-0300][gc,marking   ] GC(1) Concurrent Scan Root Regions
[2019-06-02T23:25:56.257-0300][gc,marking   ] GC(1) Concurrent Scan Root Regions 3,572ms
[2019-06-02T23:25:56.257-0300][gc,marking   ] GC(1) Concurrent Mark (0,965s)
[2019-06-02T23:25:56.257-0300][gc,marking   ] GC(1) Concurrent Mark From Roots
[2019-06-02T23:25:56.257-0300][gc,task      ] GC(1) Using 1 workers of 1 for marking
[2019-06-02T23:25:56.258-0300][gc,marking   ] GC(1) Concurrent Mark From Roots 0,396ms
[2019-06-02T23:25:56.258-0300][gc,marking   ] GC(1) Concurrent Preclean
[2019-06-02T23:25:56.258-0300][gc,marking   ] GC(1) Concurrent Preclean 0,032ms
[2019-06-02T23:25:56.258-0300][gc,marking   ] GC(1) Concurrent Mark (0,965s, 0,965s) 0,477ms
[2019-06-02T23:25:56.258-0300][gc,start     ] GC(1) Pause Remark
[2019-06-02T23:25:56.265-0300][gc,stringtable] GC(1) Cleaned string and symbol table, strings: 7459 processed, 0 removed, symbols: 64155 processed, 41 removed
[2019-06-02T23:25:56.265-0300][gc            ] GC(1) Pause Remark 6M->6M(1024M) 7,063ms
[2019-06-02T23:25:56.265-0300][gc,cpu        ] GC(1) User=0,02s Sys=0,00s Real=0,01s
[2019-06-02T23:25:56.265-0300][gc,marking    ] GC(1) Concurrent Rebuild Remembered Sets
[2019-06-02T23:25:56.265-0300][gc,marking    ] GC(1) Concurrent Rebuild Remembered Sets 0,075ms
[2019-06-02T23:25:56.265-0300][gc,start      ] GC(1) Pause Cleanup
[2019-06-02T23:25:56.265-0300][gc            ] GC(1) Pause Cleanup 6M->6M(1024M) 0,134ms
[2019-06-02T23:25:56.265-0300][gc,cpu        ] GC(1) User=0,00s Sys=0,00s Real=0,00s
[2019-06-02T23:25:56.265-0300][gc,marking    ] GC(1) Concurrent Cleanup for Next Mark
[2019-06-02T23:25:56.269-0300][gc,marking    ] GC(1) Concurrent Cleanup for Next Mark 3,881ms
[2019-06-02T23:25:56.269-0300][gc            ] GC(1) Concurrent Cycle 15,592ms
[2019-06-02T23:25:56.966-0300][gc,start      ] GC(2) Pause Young (Normal) (G1 Evacuation Pause)
[2019-06-02T23:25:56.966-0300][gc,task       ] GC(2) Using 4 workers of 4 for evacuation
[2019-06-02T23:25:56.979-0300][gc,phases     ] GC(2)   Pre Evacuate Collection Set: 0,0ms
[2019-06-02T23:25:56.979-0300][gc,phases     ] GC(2)   Evacuate Collection Set: 12,5ms
[2019-06-02T23:25:56.979-0300][gc,phases     ] GC(2)   Post Evacuate Collection Set: 0,4ms
[2019-06-02T23:25:56.979-0300][gc,phases     ] GC(2)   Other: 0,1ms
[2019-06-02T23:25:56.979-0300][gc,heap       ] GC(2) Eden regions: 44->0(47)
[2019-06-02T23:25:56.979-0300][gc,heap       ] GC(2) Survivor regions: 7->4(7)
[2019-06-02T23:25:56.979-0300][gc,heap       ] GC(2) Old regions: 0->6
[2019-06-02T23:25:56.979-0300][gc,heap       ] GC(2) Humongous regions: 129->129
[2019-06-02T23:25:56.979-0300][gc,metaspace  ] GC(2) Metaspace: 30712K->30712K(1077248K)
[2019-06-02T23:25:56.979-0300][gc            ] GC(2) Pause Young (Normal) (G1 Evacuation Pause) 179M->138M(1024M) 13,135ms
[2019-06-02T23:25:56.979-0300][gc,cpu        ] GC(2) User=0,03s Sys=0,01s Real=0,01s
[2019-06-02T23:25:57.329-0300][gc,start      ] GC(3) Pause Young (Concurrent Start) (Metadata GC Threshold)
[2019-06-02T23:25:57.329-0300][gc,task       ] GC(3) Using 4 workers of 4 for evacuation
[2019-06-02T23:25:57.337-0300][gc,phases     ] GC(3)   Pre Evacuate Collection Set: 0,1ms
[2019-06-02T23:25:57.337-0300][gc,phases     ] GC(3)   Evacuate Collection Set: 7,4ms
[2019-06-02T23:25:57.337-0300][gc,phases     ] GC(3)   Post Evacuate Collection Set: 0,3ms
[2019-06-02T23:25:57.337-0300][gc,phases     ] GC(3)   Other: 0,2ms
[2019-06-02T23:25:57.337-0300][gc,heap       ] GC(3) Eden regions: 20->0(46)
[2019-06-02T23:25:57.337-0300][gc,heap       ] GC(3) Survivor regions: 4->5(7)
[2019-06-02T23:25:57.337-0300][gc,heap       ] GC(3) Old regions: 6->6
[2019-06-02T23:25:57.337-0300][gc,heap       ] GC(3) Humongous regions: 129->129
[2019-06-02T23:25:57.337-0300][gc,metaspace  ] GC(3) Metaspace: 34901K->34901K(1081344K)
[2019-06-02T23:25:57.337-0300][gc            ] GC(3) Pause Young (Concurrent Start) (Metadata GC Threshold) 158M->139M(1024M) 7,972ms
[2019-06-02T23:25:57.337-0300][gc,cpu        ] GC(3) User=0,02s Sys=0,00s Real=0,01s
[2019-06-02T23:25:57.337-0300][gc            ] GC(4) Concurrent Cycle
[2019-06-02T23:25:57.337-0300][gc,marking    ] GC(4) Concurrent Clear Claimed Marks
[2019-06-02T23:25:57.337-0300][gc,marking    ] GC(4) Concurrent Clear Claimed Marks 0,061ms
[2019-06-02T23:25:57.337-0300][gc,marking    ] GC(4) Concurrent Scan Root Regions
[2019-06-02T23:25:57.341-0300][gc,marking    ] GC(4) Concurrent Scan Root Regions 4,041ms
[2019-06-02T23:25:57.341-0300][gc,marking    ] GC(4) Concurrent Mark (2,049s)
[2019-06-02T23:25:57.341-0300][gc,marking    ] GC(4) Concurrent Mark From Roots
[2019-06-02T23:25:57.341-0300][gc,task       ] GC(4) Using 1 workers of 1 for marking
[2019-06-02T23:25:57.359-0300][gc,marking    ] GC(4) Concurrent Mark From Roots 17,951ms
[2019-06-02T23:25:57.359-0300][gc,marking    ] GC(4) Concurrent Preclean
[2019-06-02T23:25:57.359-0300][gc,marking    ] GC(4) Concurrent Preclean 0,075ms
[2019-06-02T23:25:57.359-0300][gc,marking    ] GC(4) Concurrent Mark (2,049s, 2,067s) 18,081ms
[2019-06-02T23:25:57.359-0300][gc,start      ] GC(4) Pause Remark
[2019-06-02T23:25:57.364-0300][gc,stringtable] GC(4) Cleaned string and symbol table, strings: 13118 processed, 8 removed, symbols: 102256 processed, 27 removed
[2019-06-02T23:25:57.364-0300][gc            ] GC(4) Pause Remark 140M->140M(1024M) 4,968ms
[2019-06-02T23:25:57.364-0300][gc,cpu        ] GC(4) User=0,01s Sys=0,00s Real=0,01s
[2019-06-02T23:25:57.364-0300][gc,marking    ] GC(4) Concurrent Rebuild Remembered Sets
[2019-06-02T23:25:57.374-0300][gc,marking    ] GC(4) Concurrent Rebuild Remembered Sets 9,516ms
[2019-06-02T23:25:57.375-0300][gc,start      ] GC(4) Pause Cleanup
[2019-06-02T23:25:57.375-0300][gc            ] GC(4) Pause Cleanup 141M->141M(1024M) 0,208ms
[2019-06-02T23:25:57.375-0300][gc,cpu        ] GC(4) User=0,00s Sys=0,00s Real=0,00s
[2019-06-02T23:25:57.375-0300][gc,marking    ] GC(4) Concurrent Cleanup for Next Mark
[2019-06-02T23:25:57.377-0300][gc,marking    ] GC(4) Concurrent Cleanup for Next Mark 2,137ms
[2019-06-02T23:25:57.377-0300][gc            ] GC(4) Concurrent Cycle 40,456ms
