[2019-06-02T20:18:51.549-0300][gc,heap] Heap region size: 1M
[2019-06-02T20:18:51.552-0300][gc     ] Using G1
[2019-06-02T20:18:51.552-0300][gc,heap,coops] Heap address: 0x00000000e0000000, size: 512 MB, Compressed Oops mode: 32-bit
[2019-06-02T20:49:02.361-0300][gc,start     ] GC(0) Pause Young (Normal) (G1 Evacuation Pause)
[2019-06-02T20:49:02.362-0300][gc,task      ] GC(0) Using 4 workers of 4 for evacuation
[2019-06-02T20:49:02.388-0300][gc,mmu       ] GC(0) MMU target violated: 21,0ms (20,0ms/21,0ms)
[2019-06-02T20:49:02.389-0300][gc,phases    ] GC(0)   Pre Evacuate Collection Set: 0,0ms
[2019-06-02T20:49:02.389-0300][gc,phases    ] GC(0)   Evacuate Collection Set: 24,9ms
[2019-06-02T20:49:02.389-0300][gc,phases    ] GC(0)   Post Evacuate Collection Set: 1,1ms
[2019-06-02T20:49:02.389-0300][gc,phases    ] GC(0)   Other: 1,2ms
[2019-06-02T20:49:02.389-0300][gc,heap      ] GC(0) Eden regions: 25->0(21)
[2019-06-02T20:49:02.389-0300][gc,heap      ] GC(0) Survivor regions: 0->4(4)
[2019-06-02T20:49:02.389-0300][gc,heap      ] GC(0) Old regions: 0->2
[2019-06-02T20:49:02.389-0300][gc,heap      ] GC(0) Humongous regions: 0->0
[2019-06-02T20:49:02.389-0300][gc,metaspace ] GC(0) Metaspace: 15134K->15134K(1062912K)
[2019-06-02T20:49:02.389-0300][gc           ] GC(0) Pause Young (Normal) (G1 Evacuation Pause) 25M->5M(512M) 27,436ms
[2019-06-02T20:49:02.389-0300][gc,cpu       ] GC(0) User=0,05s Sys=0,02s Real=0,03s
[2019-06-03T00:10:06.130-0300][gc,heap,exit ] Heap
[2019-06-03T00:10:06.131-0300][gc,heap,exit ]  garbage-first heap   total 524288K, used 21690K [0x00000000e0000000, 0x0000000100000000)
[2019-06-03T00:10:06.131-0300][gc,heap,exit ]   region size 1024K, 21 young (21504K), 4 survivors (4096K)
[2019-06-03T00:10:06.131-0300][gc,heap,exit ]  Metaspace       used 15264K, capacity 15571K, committed 15744K, reserved 1062912K
[2019-06-03T00:10:06.132-0300][gc,heap,exit ]   class space    used 1516K, capacity 1634K, committed 1664K, reserved 1048576K
